\BOOKMARK [1][-]{section.1}{\376\377\000D\000a\000t\000a\000\040\000a\000n\000d\000\040\000P\000r\000o\000t\000o\000c\000o\000l\000\040\000/\000\040\145\160\143\156\116\016\133\236\232\214\123\117\213\256}{}% 1
\BOOKMARK [2][-]{subsection.1.1}{\376\377\000T\000a\000s\000k\000\040\000a\000n\000d\000\040\000E\000v\000a\000l\000u\000a\000t\000i\000o\000n\000\040\000P\000r\000o\000t\000o\000c\000o\000l\000\040\000/\000\040\116\373\122\241\116\016\213\304\155\113\123\117\213\256}{section.1}% 2
\BOOKMARK [2][-]{subsection.1.2}{\376\377\000D\000a\000t\000a\000\040\000S\000p\000l\000i\000t\000s\000\040\000a\000n\000d\000\040\000E\000x\000p\000e\000r\000i\000m\000e\000n\000t\000\040\000F\000a\000m\000i\000l\000i\000e\000s\000\040\000/\000\040\145\160\143\156\122\022\122\006\116\016\133\236\232\214\174\373\122\027}{section.1}% 3
\BOOKMARK [1][-]{section.2}{\376\377\000I\000m\000p\000l\000e\000m\000e\000n\000t\000a\000t\000i\000o\000n\000\040\000D\000e\000t\000a\000i\000l\000s\000\040\000/\000\040\133\236\163\260\176\306\202\202}{}% 4
\BOOKMARK [1][-]{section.3}{\376\377\000M\000a\000i\000n\000\040\000R\000e\000s\000u\000l\000t\000s\000\040\000/\000\040\116\073\133\236\232\214\176\323\147\234}{}% 5
\BOOKMARK [2][-]{subsection.3.1}{\376\377\000S\000e\000p\000a\000r\000a\000t\000e\000\040\000R\000e\000p\000o\000r\000t\000\040\000F\000i\000n\000e\000-\000t\000u\000n\000i\000n\000g\000\040\000a\000n\000d\000\040\000S\000e\000q\000u\000e\000n\000t\000i\000a\000l\000\040\000S\000t\000a\000t\000i\000o\000n\000\040\000F\000i\000n\000e\000-\000t\000u\000n\000i\000n\000g\000\040\000/\000\040\122\006\150\143\142\245\124\112\137\256\214\003\116\016\230\172\136\217\135\345\117\115\137\256\214\003}{section.3}% 6
\BOOKMARK [2][-]{subsection.3.2}{\376\377\000F\000i\000n\000a\000l\000\040\000M\000a\000i\000n\000-\000M\000o\000d\000e\000l\000\040\000P\000e\000r\000f\000o\000r\000m\000a\000n\000c\000e\000\040\000/\000\040\147\000\176\310\116\073\152\041\127\213\210\150\163\260}{section.3}% 7
\BOOKMARK [3][-]{subsubsection.3.2.1}{\376\377\000S\000t\000a\000t\000i\000o\000n\000-\000L\000e\000v\000e\000l\000\040\000B\000o\000t\000t\000l\000e\000n\000e\000c\000k\000\040\000P\000r\000e\000d\000i\000c\000t\000i\000o\000n\000\040\000/\000\040\135\345\117\115\176\247\164\366\230\210\230\204\155\113}{subsection.3.2}% 8
\BOOKMARK [3][-]{subsubsection.3.2.2}{\376\377\000R\000e\000m\000a\000i\000n\000i\000n\000g\000-\000T\000i\000m\000e\000\040\000P\000r\000e\000d\000i\000c\000t\000i\000o\000n\000\040\000/\000\040\122\151\117\131\145\366\225\364\230\204\155\113}{subsection.3.2}% 9
\BOOKMARK [3][-]{subsubsection.3.2.3}{\376\377\000C\000a\000u\000s\000e\000\040\000C\000l\000a\000s\000s\000i\000f\000i\000c\000a\000t\000i\000o\000n\000\040\000/\000\040\164\366\230\210\123\237\126\340\122\006\174\173}{subsection.3.2}% 10
\BOOKMARK [1][-]{section.4}{\376\377\000A\000b\000l\000a\000t\000i\000o\000n\000\040\000S\000t\000u\000d\000i\000e\000s\000\040\000/\000\040\155\210\207\215\133\236\232\214}{}% 11
\BOOKMARK [2][-]{subsection.4.1}{\376\377\000A\000b\000l\000a\000t\000i\000o\000n\000\040\000w\000i\000t\000h\000o\000u\000t\000\040\000P\000r\000o\000c\000e\000s\000s\000-\000H\000e\000u\000r\000i\000s\000t\000i\000c\000\040\000L\000a\000b\000e\000l\000s\000\040\000a\000n\000d\000\040\000C\000l\000u\000s\000t\000e\000r\000i\000n\000g\000\040\000/\000\040\147\052\122\240\121\145\217\307\172\013\124\057\123\321\137\017\150\007\173\176\116\016\200\132\174\173\166\204\155\210\207\215}{section.4}% 12
\BOOKMARK [3][-]{subsubsection.4.1.1}{\376\377\000S\000t\000a\000t\000i\000o\000n\000-\000L\000e\000v\000e\000l\000\040\000B\000o\000t\000t\000l\000e\000n\000e\000c\000k\000\040\000P\000r\000e\000d\000i\000c\000t\000i\000o\000n\000\040\000/\000\040\135\345\117\115\176\247\164\366\230\210\230\204\155\113}{subsection.4.1}% 13
\BOOKMARK [3][-]{subsubsection.4.1.2}{\376\377\000R\000e\000m\000a\000i\000n\000i\000n\000g\000-\000T\000i\000m\000e\000\040\000P\000r\000e\000d\000i\000c\000t\000i\000o\000n\000\040\000/\000\040\122\151\117\131\145\366\225\364\230\204\155\113}{subsection.4.1}% 14
\BOOKMARK [3][-]{subsubsection.4.1.3}{\376\377\000C\000a\000u\000s\000e\000\040\000C\000l\000a\000s\000s\000i\000f\000i\000c\000a\000t\000i\000o\000n\000\040\000/\000\040\164\366\230\210\123\237\126\340\122\006\174\173}{subsection.4.1}% 15
\BOOKMARK [2][-]{subsection.4.2}{\376\377\000M\000o\000d\000e\000l\000-\000S\000t\000r\000u\000c\000t\000u\000r\000e\000\040\000A\000b\000l\000a\000t\000i\000o\000n\000s\000\040\000/\000\040\152\041\127\213\176\323\147\204\155\210\207\215}{section.4}% 16
\BOOKMARK [3][-]{subsubsection.4.2.1}{\376\377\000S\000t\000a\000t\000i\000o\000n\000-\000L\000e\000v\000e\000l\000\040\000B\000o\000t\000t\000l\000e\000n\000e\000c\000k\000\040\000P\000r\000e\000d\000i\000c\000t\000i\000o\000n\000\040\000/\000\040\135\345\117\115\176\247\164\366\230\210\230\204\155\113}{subsection.4.2}% 17
\BOOKMARK [3][-]{subsubsection.4.2.2}{\376\377\000R\000e\000m\000a\000i\000n\000i\000n\000g\000-\000T\000i\000m\000e\000\040\000P\000r\000e\000d\000i\000c\000t\000i\000o\000n\000\040\000/\000\040\122\151\117\131\145\366\225\364\230\204\155\113}{subsection.4.2}% 18
\BOOKMARK [3][-]{subsubsection.4.2.3}{\376\377\000C\000a\000u\000s\000e\000\040\000C\000l\000a\000s\000s\000i\000f\000i\000c\000a\000t\000i\000o\000n\000\040\000/\000\040\164\366\230\210\123\237\126\340\122\006\174\173}{subsection.4.2}% 19
\BOOKMARK [1][-]{section.5}{\376\377\000B\000a\000s\000e\000l\000i\000n\000e\000\040\000C\000o\000m\000p\000a\000r\000i\000s\000o\000n\000\040\000/\000\040\127\372\176\277\133\371\153\324}{}% 20
\BOOKMARK [2][-]{subsection.5.1}{\376\377\000C\000o\000m\000p\000a\000r\000a\000b\000l\000e\000\040\000S\000e\000t\000u\000p\000\040\000a\000n\000d\000\040\000L\000i\000m\000i\000t\000a\000t\000i\000o\000n\000s\000\040\000/\000\040\133\371\237\120\213\276\177\156\116\016\134\100\226\120}{section.5}% 21
\BOOKMARK [2][-]{subsection.5.2}{\376\377\000O\000v\000e\000r\000a\000l\000l\000\040\000D\000i\000s\000c\000u\000s\000s\000i\000o\000n\000\040\000a\000n\000d\000\040\000V\000a\000l\000i\000d\000i\000t\000y\000\040\000B\000o\000u\000n\000d\000a\000r\000i\000e\000s\000\040\000/\000\040\140\073\117\123\213\250\213\272\116\016\147\011\145\110\140\047\217\271\165\114}{section.5}% 22
